// Jest Snapshot v1, https://goo.gl/fbAQLP

exports[`<Dashboard/> Renders correctly 1`] = `
<div
  className="makeStyles-root-1"
>
  <div
    className="MuiPaper-root makeStyles-paper-2 MuiPaper-elevation1 MuiPaper-rounded"
  >
    <div
      className="MuiTableContainer-root"
    >
      <table
        aria-label="enhanced table"
        aria-labelledby="tableTitle"
        className="MuiTable-root makeStyles-table-3"
        role={null}
      >
        <thead
          className="MuiTableHead-root makeStyles-tableHead-5"
          role={null}
        >
          <tr
            className="MuiTableRow-root makeStyles-tableHead-5 MuiTableRow-head"
            role={null}
          >
            <th
              aria-sort={null}
              className="MuiTableCell-root MuiTableCell-head MuiTableCell-paddingCheckbox"
              scope="col"
            >
              <span
                aria-disabled={false}
                className="MuiButtonBase-root MuiIconButton-root PrivateSwitchBase-root-12 MuiCheckbox-root WithStyles(ForwardRef(Checkbox))-root-10 MuiCheckbox-colorSecondary MuiIconButton-colorSecondary"
                onBlur={[Function]}
                onDragLeave={[Function]}
                onFocus={[Function]}
                onKeyDown={[Function]}
                onKeyUp={[Function]}
                onMouseDown={[Function]}
                onMouseLeave={[Function]}
                onMouseUp={[Function]}
                onTouchEnd={[Function]}
                onTouchMove={[Function]}
                onTouchStart={[Function]}
                tabIndex={null}
              >
                <span
                  className="MuiIconButton-label"
                >
                  <input
                    aria-label="ID"
                    checked={false}
                    className="PrivateSwitchBase-input-15"
                    data-indeterminate={false}
                    onChange={[Function]}
                    type="checkbox"
                  />
                  <svg
                    aria-hidden={true}
                    className="MuiSvgIcon-root"
                    focusable="false"
                    viewBox="0 0 24 24"
                  >
                    <path
                      d="M19 5v14H5V5h14m0-2H5c-1.1 0-2 .9-2 2v14c0 1.1.9 2 2 2h14c1.1 0 2-.9 2-2V5c0-1.1-.9-2-2-2z"
                    />
                  </svg>
                </span>
              </span>
            </th>
            <th
              aria-sort={null}
              className="MuiTableCell-root MuiTableCell-head MuiTableCell-paddingNone"
              scope="col"
            >
              <span
                aria-disabled={false}
                className="MuiButtonBase-root MuiTableSortLabel-root"
                onBlur={[Function]}
                onClick={[Function]}
                onDragLeave={[Function]}
                onFocus={[Function]}
                onKeyDown={[Function]}
                onKeyUp={[Function]}
                onMouseDown={[Function]}
                onMouseLeave={[Function]}
                onMouseUp={[Function]}
                onTouchEnd={[Function]}
                onTouchMove={[Function]}
                onTouchStart={[Function]}
                role="button"
                tabIndex={0}
              >
                Mails
                <svg
                  aria-hidden={true}
                  className="MuiSvgIcon-root MuiTableSortLabel-icon MuiTableSortLabel-iconDirectionAsc"
                  focusable="false"
                  viewBox="0 0 24 24"
                >
                  <path
                    d="M20 12l-1.41-1.41L13 16.17V4h-2v12.17l-5.58-5.59L4 12l8 8 8-8z"
                  />
                </svg>
              </span>
            </th>
            <th
              aria-sort={null}
              className="MuiTableCell-root MuiTableCell-head"
              scope="col"
            >
              <span
                aria-disabled={false}
                className="MuiButtonBase-root MuiTableSortLabel-root"
                onBlur={[Function]}
                onClick={[Function]}
                onDragLeave={[Function]}
                onFocus={[Function]}
                onKeyDown={[Function]}
                onKeyUp={[Function]}
                onMouseDown={[Function]}
                onMouseLeave={[Function]}
                onMouseUp={[Function]}
                onTouchEnd={[Function]}
                onTouchMove={[Function]}
                onTouchStart={[Function]}
                role="button"
                tabIndex={0}
              >
                ID
                <svg
                  aria-hidden={true}
                  className="MuiSvgIcon-root MuiTableSortLabel-icon MuiTableSortLabel-iconDirectionAsc"
                  focusable="false"
                  viewBox="0 0 24 24"
                >
                  <path
                    d="M20 12l-1.41-1.41L13 16.17V4h-2v12.17l-5.58-5.59L4 12l8 8 8-8z"
                  />
                </svg>
              </span>
            </th>
            <th
              aria-sort={null}
              className="MuiTableCell-root MuiTableCell-head"
              scope="col"
            >
              <span
                aria-disabled={false}
                className="MuiButtonBase-root MuiTableSortLabel-root"
                onBlur={[Function]}
                onClick={[Function]}
                onDragLeave={[Function]}
                onFocus={[Function]}
                onKeyDown={[Function]}
                onKeyUp={[Function]}
                onMouseDown={[Function]}
                onMouseLeave={[Function]}
                onMouseUp={[Function]}
                onTouchEnd={[Function]}
                onTouchMove={[Function]}
                onTouchStart={[Function]}
                role="button"
                tabIndex={0}
              >
                Domain
                <svg
                  aria-hidden={true}
                  className="MuiSvgIcon-root MuiTableSortLabel-icon MuiTableSortLabel-iconDirectionAsc"
                  focusable="false"
                  viewBox="0 0 24 24"
                >
                  <path
                    d="M20 12l-1.41-1.41L13 16.17V4h-2v12.17l-5.58-5.59L4 12l8 8 8-8z"
                  />
                </svg>
              </span>
            </th>
            <th
              aria-sort={null}
              className="MuiTableCell-root MuiTableCell-head"
              scope="col"
            >
              <span
                aria-disabled={false}
                className="MuiButtonBase-root MuiTableSortLabel-root"
                onBlur={[Function]}
                onClick={[Function]}
                onDragLeave={[Function]}
                onFocus={[Function]}
                onKeyDown={[Function]}
                onKeyUp={[Function]}
                onMouseDown={[Function]}
                onMouseLeave={[Function]}
                onMouseUp={[Function]}
                onTouchEnd={[Function]}
                onTouchMove={[Function]}
                onTouchStart={[Function]}
                role="button"
                tabIndex={0}
              >
                Recieved from
                <svg
                  aria-hidden={true}
                  className="MuiSvgIcon-root MuiTableSortLabel-icon MuiTableSortLabel-iconDirectionAsc"
                  focusable="false"
                  viewBox="0 0 24 24"
                >
                  <path
                    d="M20 12l-1.41-1.41L13 16.17V4h-2v12.17l-5.58-5.59L4 12l8 8 8-8z"
                  />
                </svg>
              </span>
            </th>
            <th
              aria-sort={null}
              className="MuiTableCell-root MuiTableCell-head"
              scope="col"
            >
              <span
                aria-disabled={false}
                className="MuiButtonBase-root MuiTableSortLabel-root"
                onBlur={[Function]}
                onClick={[Function]}
                onDragLeave={[Function]}
                onFocus={[Function]}
                onKeyDown={[Function]}
                onKeyUp={[Function]}
                onMouseDown={[Function]}
                onMouseLeave={[Function]}
                onMouseUp={[Function]}
                onTouchEnd={[Function]}
                onTouchMove={[Function]}
                onTouchStart={[Function]}
                role="button"
                tabIndex={0}
              >
                Trust score
                <svg
                  aria-hidden={true}
                  className="MuiSvgIcon-root MuiTableSortLabel-icon MuiTableSortLabel-iconDirectionAsc"
                  focusable="false"
                  viewBox="0 0 24 24"
                >
                  <path
                    d="M20 12l-1.41-1.41L13 16.17V4h-2v12.17l-5.58-5.59L4 12l8 8 8-8z"
                  />
                </svg>
              </span>
            </th>
            <th
              aria-sort={null}
              className="MuiTableCell-root MuiTableCell-head"
              scope="col"
            >
              <span
                aria-disabled={false}
                className="MuiButtonBase-root MuiTableSortLabel-root"
                onBlur={[Function]}
                onClick={[Function]}
                onDragLeave={[Function]}
                onFocus={[Function]}
                onKeyDown={[Function]}
                onKeyUp={[Function]}
                onMouseDown={[Function]}
                onMouseLeave={[Function]}
                onMouseUp={[Function]}
                onTouchEnd={[Function]}
                onTouchMove={[Function]}
                onTouchStart={[Function]}
                role="button"
                tabIndex={0}
              >
                Group
                <svg
                  aria-hidden={true}
                  className="MuiSvgIcon-root MuiTableSortLabel-icon MuiTableSortLabel-iconDirectionAsc"
                  focusable="false"
                  viewBox="0 0 24 24"
                >
                  <path
                    d="M20 12l-1.41-1.41L13 16.17V4h-2v12.17l-5.58-5.59L4 12l8 8 8-8z"
                  />
                </svg>
              </span>
            </th>
            <th
              aria-sort={null}
              className="MuiTableCell-root MuiTableCell-head"
              scope="col"
            >
              <span
                aria-disabled={false}
                className="MuiButtonBase-root MuiTableSortLabel-root"
                onBlur={[Function]}
                onClick={[Function]}
                onDragLeave={[Function]}
                onFocus={[Function]}
                onKeyDown={[Function]}
                onKeyUp={[Function]}
                onMouseDown={[Function]}
                onMouseLeave={[Function]}
                onMouseUp={[Function]}
                onTouchEnd={[Function]}
                onTouchMove={[Function]}
                onTouchStart={[Function]}
                role="button"
                tabIndex={0}
              >
                Threat type
                <svg
                  aria-hidden={true}
                  className="MuiSvgIcon-root MuiTableSortLabel-icon MuiTableSortLabel-iconDirectionAsc"
                  focusable="false"
                  viewBox="0 0 24 24"
                >
                  <path
                    d="M20 12l-1.41-1.41L13 16.17V4h-2v12.17l-5.58-5.59L4 12l8 8 8-8z"
                  />
                </svg>
              </span>
            </th>
            <th
              aria-sort={null}
              className="MuiTableCell-root MuiTableCell-head"
              scope="col"
            >
              <span
                aria-disabled={false}
                className="MuiButtonBase-root MuiTableSortLabel-root"
                onBlur={[Function]}
                onClick={[Function]}
                onDragLeave={[Function]}
                onFocus={[Function]}
                onKeyDown={[Function]}
                onKeyUp={[Function]}
                onMouseDown={[Function]}
                onMouseLeave={[Function]}
                onMouseUp={[Function]}
                onTouchEnd={[Function]}
                onTouchMove={[Function]}
                onTouchStart={[Function]}
                role="button"
                tabIndex={0}
              >
                
                <svg
                  aria-hidden={true}
                  className="MuiSvgIcon-root MuiTableSortLabel-icon MuiTableSortLabel-iconDirectionAsc"
                  focusable="false"
                  viewBox="0 0 24 24"
                >
                  <path
                    d="M20 12l-1.41-1.41L13 16.17V4h-2v12.17l-5.58-5.59L4 12l8 8 8-8z"
                  />
                </svg>
              </span>
            </th>
          </tr>
        </thead>
        <tbody
          className="MuiTableBody-root"
          role={null}
        >
          <tr
            aria-checked={false}
            className="MuiTableRow-root MuiTableRow-hover"
            role="checkbox"
            tabIndex={-1}
          >
            <td
              aria-sort={null}
              className="MuiTableCell-root MuiTableCell-body MuiTableCell-paddingCheckbox"
            >
              <span
                aria-disabled={false}
                className="MuiButtonBase-root MuiIconButton-root PrivateSwitchBase-root-12 MuiCheckbox-root WithStyles(ForwardRef(Checkbox))-root-10 MuiCheckbox-colorSecondary MuiIconButton-colorSecondary"
                onBlur={[Function]}
                onClick={[Function]}
                onDragLeave={[Function]}
                onFocus={[Function]}
                onKeyDown={[Function]}
                onKeyUp={[Function]}
                onMouseDown={[Function]}
                onMouseLeave={[Function]}
                onMouseUp={[Function]}
                onTouchEnd={[Function]}
                onTouchMove={[Function]}
                onTouchStart={[Function]}
                tabIndex={null}
              >
                <span
                  className="MuiIconButton-label"
                >
                  <input
                    aria-labelledby="enhanced-table-checkbox-0"
                    checked={false}
                    className="PrivateSwitchBase-input-15"
                    data-indeterminate={false}
                    onChange={[Function]}
                    type="checkbox"
                  />
                  <svg
                    aria-hidden={true}
                    className="MuiSvgIcon-root"
                    focusable="false"
                    viewBox="0 0 24 24"
                  >
                    <path
                      d="M19 5v14H5V5h14m0-2H5c-1.1 0-2 .9-2 2v14c0 1.1.9 2 2 2h14c1.1 0 2-.9 2-2V5c0-1.1-.9-2-2-2z"
                    />
                  </svg>
                </span>
              </span>
            </td>
            <th
              aria-sort={null}
              className="MuiTableCell-root MuiTableCell-body MuiTableCell-paddingNone"
              id="enhanced-table-checkbox-0"
              role="cell"
              scope="row"
            >
              <p
                className="MuiTypography-root MuiTypography-body1"
              >
                sample@gmail.com
              </p>
            </th>
            <td
              aria-sort={null}
              className="MuiTableCell-root MuiTableCell-body"
            >
              <p
                className="MuiTypography-root MuiTypography-body1"
              >
                #1
              </p>
            </td>
            <td
              aria-sort={null}
              className="MuiTableCell-root MuiTableCell-body"
            >
              <p
                className="MuiTypography-root MuiTypography-body1"
              >
                Zemosolabs
              </p>
            </td>
            <td
              aria-sort={null}
              className="MuiTableCell-root MuiTableCell-body"
            >
              <p
                className="MuiTypography-root MuiTypography-body1"
              >
                sample user
              </p>
            </td>
            <td
              aria-sort={null}
              className="MuiTableCell-root MuiTableCell-body makeStyles-doNotTrustCell-7"
            >
              <span
                className="MuiTypography-root MuiTypography-caption"
              >
                22
              </span>
            </td>
            <td
              aria-sort={null}
              className="MuiTableCell-root MuiTableCell-body makeStyles-doNotTrustCell-7"
            >
              <div
                className="makeStyles-divBox-8"
                style={
                  Object {
                    "backgroundColor": "rgba(255, 49, 98, 0.1)",
                  }
                }
              >
                <p
                  className="MuiTypography-root MuiTypography-body2"
                >
                  Do not trust
                </p>
              </div>
            </td>
            <td
              aria-sort={null}
              className="MuiTableCell-root MuiTableCell-body makeStyles-doNotTrustCell-7"
            >
              <span
                className="MuiTypography-root MuiTypography-caption"
              >
                Spam
              </span>
            </td>
            <td
              aria-sort={null}
              className="MuiTableCell-root MuiTableCell-body"
            >
              <p
                className="MuiTypography-root makeStyles-detailsText-9 MuiTypography-body2"
                onClick={[Function]}
              >
                View Details
              </p>
            </td>
          </tr>
          <tr
            aria-checked={false}
            className="MuiTableRow-root MuiTableRow-hover"
            role="checkbox"
            tabIndex={-1}
          >
            <td
              aria-sort={null}
              className="MuiTableCell-root MuiTableCell-body MuiTableCell-paddingCheckbox"
            >
              <span
                aria-disabled={false}
                className="MuiButtonBase-root MuiIconButton-root PrivateSwitchBase-root-12 MuiCheckbox-root WithStyles(ForwardRef(Checkbox))-root-10 MuiCheckbox-colorSecondary MuiIconButton-colorSecondary"
                onBlur={[Function]}
                onClick={[Function]}
                onDragLeave={[Function]}
                onFocus={[Function]}
                onKeyDown={[Function]}
                onKeyUp={[Function]}
                onMouseDown={[Function]}
                onMouseLeave={[Function]}
                onMouseUp={[Function]}
                onTouchEnd={[Function]}
                onTouchMove={[Function]}
                onTouchStart={[Function]}
                tabIndex={null}
              >
                <span
                  className="MuiIconButton-label"
                >
                  <input
                    aria-labelledby="enhanced-table-checkbox-1"
                    checked={false}
                    className="PrivateSwitchBase-input-15"
                    data-indeterminate={false}
                    onChange={[Function]}
                    type="checkbox"
                  />
                  <svg
                    aria-hidden={true}
                    className="MuiSvgIcon-root"
                    focusable="false"
                    viewBox="0 0 24 24"
                  >
                    <path
                      d="M19 5v14H5V5h14m0-2H5c-1.1 0-2 .9-2 2v14c0 1.1.9 2 2 2h14c1.1 0 2-.9 2-2V5c0-1.1-.9-2-2-2z"
                    />
                  </svg>
                </span>
              </span>
            </td>
            <th
              aria-sort={null}
              className="MuiTableCell-root MuiTableCell-body MuiTableCell-paddingNone"
              id="enhanced-table-checkbox-1"
              role="cell"
              scope="row"
            >
              <p
                className="MuiTypography-root MuiTypography-body1"
              >
                sample@gmail.com
              </p>
            </th>
            <td
              aria-sort={null}
              className="MuiTableCell-root MuiTableCell-body"
            >
              <p
                className="MuiTypography-root MuiTypography-body1"
              >
                #2
              </p>
            </td>
            <td
              aria-sort={null}
              className="MuiTableCell-root MuiTableCell-body"
            >
              <p
                className="MuiTypography-root MuiTypography-body1"
              >
                Zemosolabs
              </p>
            </td>
            <td
              aria-sort={null}
              className="MuiTableCell-root MuiTableCell-body"
            >
              <p
                className="MuiTypography-root MuiTypography-body1"
              >
                sample user
              </p>
            </td>
            <td
              aria-sort={null}
              className="MuiTableCell-root MuiTableCell-body makeStyles-TrustCell-6"
            >
              <span
                className="MuiTypography-root MuiTypography-caption"
              >
                52
              </span>
            </td>
            <td
              aria-sort={null}
              className="MuiTableCell-root MuiTableCell-body makeStyles-TrustCell-6"
            >
              <div
                className="makeStyles-divBox-8"
                style={
                  Object {
                    "backgroundColor": "rgba(109, 210, 48, 0.1)",
                  }
                }
              >
                <p
                  className="MuiTypography-root MuiTypography-body2"
                >
                  Trusted
                </p>
              </div>
            </td>
            <td
              aria-sort={null}
              className="MuiTableCell-root MuiTableCell-body makeStyles-TrustCell-6"
            >
              <span
                className="MuiTypography-root MuiTypography-caption"
              >
                Inbox
              </span>
            </td>
            <td
              aria-sort={null}
              className="MuiTableCell-root MuiTableCell-body"
            >
              <p
                className="MuiTypography-root makeStyles-detailsText-9 MuiTypography-body2"
                onClick={[Function]}
              >
                View Details
              </p>
            </td>
          </tr>
          <tr
            aria-checked={false}
            className="MuiTableRow-root MuiTableRow-hover"
            role="checkbox"
            tabIndex={-1}
          >
            <td
              aria-sort={null}
              className="MuiTableCell-root MuiTableCell-body MuiTableCell-paddingCheckbox"
            >
              <span
                aria-disabled={false}
                className="MuiButtonBase-root MuiIconButton-root PrivateSwitchBase-root-12 MuiCheckbox-root WithStyles(ForwardRef(Checkbox))-root-10 MuiCheckbox-colorSecondary MuiIconButton-colorSecondary"
                onBlur={[Function]}
                onClick={[Function]}
                onDragLeave={[Function]}
                onFocus={[Function]}
                onKeyDown={[Function]}
                onKeyUp={[Function]}
                onMouseDown={[Function]}
                onMouseLeave={[Function]}
                onMouseUp={[Function]}
                onTouchEnd={[Function]}
                onTouchMove={[Function]}
                onTouchStart={[Function]}
                tabIndex={null}
              >
                <span
                  className="MuiIconButton-label"
                >
                  <input
                    aria-labelledby="enhanced-table-checkbox-2"
                    checked={false}
                    className="PrivateSwitchBase-input-15"
                    data-indeterminate={false}
                    onChange={[Function]}
                    type="checkbox"
                  />
                  <svg
                    aria-hidden={true}
                    className="MuiSvgIcon-root"
                    focusable="false"
                    viewBox="0 0 24 24"
                  >
                    <path
                      d="M19 5v14H5V5h14m0-2H5c-1.1 0-2 .9-2 2v14c0 1.1.9 2 2 2h14c1.1 0 2-.9 2-2V5c0-1.1-.9-2-2-2z"
                    />
                  </svg>
                </span>
              </span>
            </td>
            <th
              aria-sort={null}
              className="MuiTableCell-root MuiTableCell-body MuiTableCell-paddingNone"
              id="enhanced-table-checkbox-2"
              role="cell"
              scope="row"
            >
              <p
                className="MuiTypography-root MuiTypography-body1"
              >
                sample@gmail.com
              </p>
            </th>
            <td
              aria-sort={null}
              className="MuiTableCell-root MuiTableCell-body"
            >
              <p
                className="MuiTypography-root MuiTypography-body1"
              >
                #3
              </p>
            </td>
            <td
              aria-sort={null}
              className="MuiTableCell-root MuiTableCell-body"
            >
              <p
                className="MuiTypography-root MuiTypography-body1"
              >
                Zemosolabs
              </p>
            </td>
            <td
              aria-sort={null}
              className="MuiTableCell-root MuiTableCell-body"
            >
              <p
                className="MuiTypography-root MuiTypography-body1"
              >
                sample user
              </p>
            </td>
            <td
              aria-sort={null}
              className="MuiTableCell-root MuiTableCell-body makeStyles-doNotTrustCell-7"
            >
              <span
                className="MuiTypography-root MuiTypography-caption"
              >
                22
              </span>
            </td>
            <td
              aria-sort={null}
              className="MuiTableCell-root MuiTableCell-body makeStyles-doNotTrustCell-7"
            >
              <div
                className="makeStyles-divBox-8"
                style={
                  Object {
                    "backgroundColor": "rgba(255, 49, 98, 0.1)",
                  }
                }
              >
                <p
                  className="MuiTypography-root MuiTypography-body2"
                >
                  Do not trust
                </p>
              </div>
            </td>
            <td
              aria-sort={null}
              className="MuiTableCell-root MuiTableCell-body makeStyles-doNotTrustCell-7"
            >
              <span
                className="MuiTypography-root MuiTypography-caption"
              >
                Spam
              </span>
            </td>
            <td
              aria-sort={null}
              className="MuiTableCell-root MuiTableCell-body"
            >
              <p
                className="MuiTypography-root makeStyles-detailsText-9 MuiTypography-body2"
                onClick={[Function]}
              >
                View Details
              </p>
            </td>
          </tr>
          <tr
            aria-checked={false}
            className="MuiTableRow-root MuiTableRow-hover"
            role="checkbox"
            tabIndex={-1}
          >
            <td
              aria-sort={null}
              className="MuiTableCell-root MuiTableCell-body MuiTableCell-paddingCheckbox"
            >
              <span
                aria-disabled={false}
                className="MuiButtonBase-root MuiIconButton-root PrivateSwitchBase-root-12 MuiCheckbox-root WithStyles(ForwardRef(Checkbox))-root-10 MuiCheckbox-colorSecondary MuiIconButton-colorSecondary"
                onBlur={[Function]}
                onClick={[Function]}
                onDragLeave={[Function]}
                onFocus={[Function]}
                onKeyDown={[Function]}
                onKeyUp={[Function]}
                onMouseDown={[Function]}
                onMouseLeave={[Function]}
                onMouseUp={[Function]}
                onTouchEnd={[Function]}
                onTouchMove={[Function]}
                onTouchStart={[Function]}
                tabIndex={null}
              >
                <span
                  className="MuiIconButton-label"
                >
                  <input
                    aria-labelledby="enhanced-table-checkbox-3"
                    checked={false}
                    className="PrivateSwitchBase-input-15"
                    data-indeterminate={false}
                    onChange={[Function]}
                    type="checkbox"
                  />
                  <svg
                    aria-hidden={true}
                    className="MuiSvgIcon-root"
                    focusable="false"
                    viewBox="0 0 24 24"
                  >
                    <path
                      d="M19 5v14H5V5h14m0-2H5c-1.1 0-2 .9-2 2v14c0 1.1.9 2 2 2h14c1.1 0 2-.9 2-2V5c0-1.1-.9-2-2-2z"
                    />
                  </svg>
                </span>
              </span>
            </td>
            <th
              aria-sort={null}
              className="MuiTableCell-root MuiTableCell-body MuiTableCell-paddingNone"
              id="enhanced-table-checkbox-3"
              role="cell"
              scope="row"
            >
              <p
                className="MuiTypography-root MuiTypography-body1"
              >
                sample@gmail.com
              </p>
            </th>
            <td
              aria-sort={null}
              className="MuiTableCell-root MuiTableCell-body"
            >
              <p
                className="MuiTypography-root MuiTypography-body1"
              >
                #4
              </p>
            </td>
            <td
              aria-sort={null}
              className="MuiTableCell-root MuiTableCell-body"
            >
              <p
                className="MuiTypography-root MuiTypography-body1"
              >
                Zemosolabs
              </p>
            </td>
            <td
              aria-sort={null}
              className="MuiTableCell-root MuiTableCell-body"
            >
              <p
                className="MuiTypography-root MuiTypography-body1"
              >
                sample user
              </p>
            </td>
            <td
              aria-sort={null}
              className="MuiTableCell-root MuiTableCell-body makeStyles-TrustCell-6"
            >
              <span
                className="MuiTypography-root MuiTypography-caption"
              >
                52
              </span>
            </td>
            <td
              aria-sort={null}
              className="MuiTableCell-root MuiTableCell-body makeStyles-TrustCell-6"
            >
              <div
                className="makeStyles-divBox-8"
                style={
                  Object {
                    "backgroundColor": "rgba(109, 210, 48, 0.1)",
                  }
                }
              >
                <p
                  className="MuiTypography-root MuiTypography-body2"
                >
                  Trusted
                </p>
              </div>
            </td>
            <td
              aria-sort={null}
              className="MuiTableCell-root MuiTableCell-body makeStyles-TrustCell-6"
            >
              <span
                className="MuiTypography-root MuiTypography-caption"
              >
                Inbox
              </span>
            </td>
            <td
              aria-sort={null}
              className="MuiTableCell-root MuiTableCell-body"
            >
              <p
                className="MuiTypography-root makeStyles-detailsText-9 MuiTypography-body2"
                onClick={[Function]}
              >
                View Details
              </p>
            </td>
          </tr>
          <tr
            aria-checked={false}
            className="MuiTableRow-root MuiTableRow-hover"
            role="checkbox"
            tabIndex={-1}
          >
            <td
              aria-sort={null}
              className="MuiTableCell-root MuiTableCell-body MuiTableCell-paddingCheckbox"
            >
              <span
                aria-disabled={false}
                className="MuiButtonBase-root MuiIconButton-root PrivateSwitchBase-root-12 MuiCheckbox-root WithStyles(ForwardRef(Checkbox))-root-10 MuiCheckbox-colorSecondary MuiIconButton-colorSecondary"
                onBlur={[Function]}
                onClick={[Function]}
                onDragLeave={[Function]}
                onFocus={[Function]}
                onKeyDown={[Function]}
                onKeyUp={[Function]}
                onMouseDown={[Function]}
                onMouseLeave={[Function]}
                onMouseUp={[Function]}
                onTouchEnd={[Function]}
                onTouchMove={[Function]}
                onTouchStart={[Function]}
                tabIndex={null}
              >
                <span
                  className="MuiIconButton-label"
                >
                  <input
                    aria-labelledby="enhanced-table-checkbox-4"
                    checked={false}
                    className="PrivateSwitchBase-input-15"
                    data-indeterminate={false}
                    onChange={[Function]}
                    type="checkbox"
                  />
                  <svg
                    aria-hidden={true}
                    className="MuiSvgIcon-root"
                    focusable="false"
                    viewBox="0 0 24 24"
                  >
                    <path
                      d="M19 5v14H5V5h14m0-2H5c-1.1 0-2 .9-2 2v14c0 1.1.9 2 2 2h14c1.1 0 2-.9 2-2V5c0-1.1-.9-2-2-2z"
                    />
                  </svg>
                </span>
              </span>
            </td>
            <th
              aria-sort={null}
              className="MuiTableCell-root MuiTableCell-body MuiTableCell-paddingNone"
              id="enhanced-table-checkbox-4"
              role="cell"
              scope="row"
            >
              <p
                className="MuiTypography-root MuiTypography-body1"
              >
                sample@gmail.com
              </p>
            </th>
            <td
              aria-sort={null}
              className="MuiTableCell-root MuiTableCell-body"
            >
              <p
                className="MuiTypography-root MuiTypography-body1"
              >
                #5
              </p>
            </td>
            <td
              aria-sort={null}
              className="MuiTableCell-root MuiTableCell-body"
            >
              <p
                className="MuiTypography-root MuiTypography-body1"
              >
                Zemosolabs
              </p>
            </td>
            <td
              aria-sort={null}
              className="MuiTableCell-root MuiTableCell-body"
            >
              <p
                className="MuiTypography-root MuiTypography-body1"
              >
                sample user
              </p>
            </td>
            <td
              aria-sort={null}
              className="MuiTableCell-root MuiTableCell-body makeStyles-doNotTrustCell-7"
            >
              <span
                className="MuiTypography-root MuiTypography-caption"
              >
                22
              </span>
            </td>
            <td
              aria-sort={null}
              className="MuiTableCell-root MuiTableCell-body makeStyles-doNotTrustCell-7"
            >
              <div
                className="makeStyles-divBox-8"
                style={
                  Object {
                    "backgroundColor": "rgba(255, 49, 98, 0.1)",
                  }
                }
              >
                <p
                  className="MuiTypography-root MuiTypography-body2"
                >
                  Do not trust
                </p>
              </div>
            </td>
            <td
              aria-sort={null}
              className="MuiTableCell-root MuiTableCell-body makeStyles-doNotTrustCell-7"
            >
              <span
                className="MuiTypography-root MuiTypography-caption"
              >
                Spam
              </span>
            </td>
            <td
              aria-sort={null}
              className="MuiTableCell-root MuiTableCell-body"
            >
              <p
                className="MuiTypography-root makeStyles-detailsText-9 MuiTypography-body2"
                onClick={[Function]}
              >
                View Details
              </p>
            </td>
          </tr>
          <tr
            aria-checked={false}
            className="MuiTableRow-root MuiTableRow-hover"
            role="checkbox"
            tabIndex={-1}
          >
            <td
              aria-sort={null}
              className="MuiTableCell-root MuiTableCell-body MuiTableCell-paddingCheckbox"
            >
              <span
                aria-disabled={false}
                className="MuiButtonBase-root MuiIconButton-root PrivateSwitchBase-root-12 MuiCheckbox-root WithStyles(ForwardRef(Checkbox))-root-10 MuiCheckbox-colorSecondary MuiIconButton-colorSecondary"
                onBlur={[Function]}
                onClick={[Function]}
                onDragLeave={[Function]}
                onFocus={[Function]}
                onKeyDown={[Function]}
                onKeyUp={[Function]}
                onMouseDown={[Function]}
                onMouseLeave={[Function]}
                onMouseUp={[Function]}
                onTouchEnd={[Function]}
                onTouchMove={[Function]}
                onTouchStart={[Function]}
                tabIndex={null}
              >
                <span
                  className="MuiIconButton-label"
                >
                  <input
                    aria-labelledby="enhanced-table-checkbox-5"
                    checked={false}
                    className="PrivateSwitchBase-input-15"
                    data-indeterminate={false}
                    onChange={[Function]}
                    type="checkbox"
                  />
                  <svg
                    aria-hidden={true}
                    className="MuiSvgIcon-root"
                    focusable="false"
                    viewBox="0 0 24 24"
                  >
                    <path
                      d="M19 5v14H5V5h14m0-2H5c-1.1 0-2 .9-2 2v14c0 1.1.9 2 2 2h14c1.1 0 2-.9 2-2V5c0-1.1-.9-2-2-2z"
                    />
                  </svg>
                </span>
              </span>
            </td>
            <th
              aria-sort={null}
              className="MuiTableCell-root MuiTableCell-body MuiTableCell-paddingNone"
              id="enhanced-table-checkbox-5"
              role="cell"
              scope="row"
            >
              <p
                className="MuiTypography-root MuiTypography-body1"
              >
                sample@gmail.com
              </p>
            </th>
            <td
              aria-sort={null}
              className="MuiTableCell-root MuiTableCell-body"
            >
              <p
                className="MuiTypography-root MuiTypography-body1"
              >
                #6
              </p>
            </td>
            <td
              aria-sort={null}
              className="MuiTableCell-root MuiTableCell-body"
            >
              <p
                className="MuiTypography-root MuiTypography-body1"
              >
                Zemosolabs
              </p>
            </td>
            <td
              aria-sort={null}
              className="MuiTableCell-root MuiTableCell-body"
            >
              <p
                className="MuiTypography-root MuiTypography-body1"
              >
                sample user
              </p>
            </td>
            <td
              aria-sort={null}
              className="MuiTableCell-root MuiTableCell-body makeStyles-TrustCell-6"
            >
              <span
                className="MuiTypography-root MuiTypography-caption"
              >
                52
              </span>
            </td>
            <td
              aria-sort={null}
              className="MuiTableCell-root MuiTableCell-body makeStyles-TrustCell-6"
            >
              <div
                className="makeStyles-divBox-8"
                style={
                  Object {
                    "backgroundColor": "rgba(109, 210, 48, 0.1)",
                  }
                }
              >
                <p
                  className="MuiTypography-root MuiTypography-body2"
                >
                  Trusted
                </p>
              </div>
            </td>
            <td
              aria-sort={null}
              className="MuiTableCell-root MuiTableCell-body makeStyles-TrustCell-6"
            >
              <span
                className="MuiTypography-root MuiTypography-caption"
              >
                Inbox
              </span>
            </td>
            <td
              aria-sort={null}
              className="MuiTableCell-root MuiTableCell-body"
            >
              <p
                className="MuiTypography-root makeStyles-detailsText-9 MuiTypography-body2"
                onClick={[Function]}
              >
                View Details
              </p>
            </td>
          </tr>
          <tr
            aria-checked={false}
            className="MuiTableRow-root MuiTableRow-hover"
            role="checkbox"
            tabIndex={-1}
          >
            <td
              aria-sort={null}
              className="MuiTableCell-root MuiTableCell-body MuiTableCell-paddingCheckbox"
            >
              <span
                aria-disabled={false}
                className="MuiButtonBase-root MuiIconButton-root PrivateSwitchBase-root-12 MuiCheckbox-root WithStyles(ForwardRef(Checkbox))-root-10 MuiCheckbox-colorSecondary MuiIconButton-colorSecondary"
                onBlur={[Function]}
                onClick={[Function]}
                onDragLeave={[Function]}
                onFocus={[Function]}
                onKeyDown={[Function]}
                onKeyUp={[Function]}
                onMouseDown={[Function]}
                onMouseLeave={[Function]}
                onMouseUp={[Function]}
                onTouchEnd={[Function]}
                onTouchMove={[Function]}
                onTouchStart={[Function]}
                tabIndex={null}
              >
                <span
                  className="MuiIconButton-label"
                >
                  <input
                    aria-labelledby="enhanced-table-checkbox-6"
                    checked={false}
                    className="PrivateSwitchBase-input-15"
                    data-indeterminate={false}
                    onChange={[Function]}
                    type="checkbox"
                  />
                  <svg
                    aria-hidden={true}
                    className="MuiSvgIcon-root"
                    focusable="false"
                    viewBox="0 0 24 24"
                  >
                    <path
                      d="M19 5v14H5V5h14m0-2H5c-1.1 0-2 .9-2 2v14c0 1.1.9 2 2 2h14c1.1 0 2-.9 2-2V5c0-1.1-.9-2-2-2z"
                    />
                  </svg>
                </span>
              </span>
            </td>
            <th
              aria-sort={null}
              className="MuiTableCell-root MuiTableCell-body MuiTableCell-paddingNone"
              id="enhanced-table-checkbox-6"
              role="cell"
              scope="row"
            >
              <p
                className="MuiTypography-root MuiTypography-body1"
              >
                sample@gmail.com
              </p>
            </th>
            <td
              aria-sort={null}
              className="MuiTableCell-root MuiTableCell-body"
            >
              <p
                className="MuiTypography-root MuiTypography-body1"
              >
                #7
              </p>
            </td>
            <td
              aria-sort={null}
              className="MuiTableCell-root MuiTableCell-body"
            >
              <p
                className="MuiTypography-root MuiTypography-body1"
              >
                Zemosolabs
              </p>
            </td>
            <td
              aria-sort={null}
              className="MuiTableCell-root MuiTableCell-body"
            >
              <p
                className="MuiTypography-root MuiTypography-body1"
              >
                sample user
              </p>
            </td>
            <td
              aria-sort={null}
              className="MuiTableCell-root MuiTableCell-body makeStyles-doNotTrustCell-7"
            >
              <span
                className="MuiTypography-root MuiTypography-caption"
              >
                22
              </span>
            </td>
            <td
              aria-sort={null}
              className="MuiTableCell-root MuiTableCell-body makeStyles-doNotTrustCell-7"
            >
              <div
                className="makeStyles-divBox-8"
                style={
                  Object {
                    "backgroundColor": "rgba(255, 49, 98, 0.1)",
                  }
                }
              >
                <p
                  className="MuiTypography-root MuiTypography-body2"
                >
                  Do not trust
                </p>
              </div>
            </td>
            <td
              aria-sort={null}
              className="MuiTableCell-root MuiTableCell-body makeStyles-doNotTrustCell-7"
            >
              <span
                className="MuiTypography-root MuiTypography-caption"
              >
                Spam
              </span>
            </td>
            <td
              aria-sort={null}
              className="MuiTableCell-root MuiTableCell-body"
            >
              <p
                className="MuiTypography-root makeStyles-detailsText-9 MuiTypography-body2"
                onClick={[Function]}
              >
                View Details
              </p>
            </td>
          </tr>
          <tr
            aria-checked={false}
            className="MuiTableRow-root MuiTableRow-hover"
            role="checkbox"
            tabIndex={-1}
          >
            <td
              aria-sort={null}
              className="MuiTableCell-root MuiTableCell-body MuiTableCell-paddingCheckbox"
            >
              <span
                aria-disabled={false}
                className="MuiButtonBase-root MuiIconButton-root PrivateSwitchBase-root-12 MuiCheckbox-root WithStyles(ForwardRef(Checkbox))-root-10 MuiCheckbox-colorSecondary MuiIconButton-colorSecondary"
                onBlur={[Function]}
                onClick={[Function]}
                onDragLeave={[Function]}
                onFocus={[Function]}
                onKeyDown={[Function]}
                onKeyUp={[Function]}
                onMouseDown={[Function]}
                onMouseLeave={[Function]}
                onMouseUp={[Function]}
                onTouchEnd={[Function]}
                onTouchMove={[Function]}
                onTouchStart={[Function]}
                tabIndex={null}
              >
                <span
                  className="MuiIconButton-label"
                >
                  <input
                    aria-labelledby="enhanced-table-checkbox-7"
                    checked={false}
                    className="PrivateSwitchBase-input-15"
                    data-indeterminate={false}
                    onChange={[Function]}
                    type="checkbox"
                  />
                  <svg
                    aria-hidden={true}
                    className="MuiSvgIcon-root"
                    focusable="false"
                    viewBox="0 0 24 24"
                  >
                    <path
                      d="M19 5v14H5V5h14m0-2H5c-1.1 0-2 .9-2 2v14c0 1.1.9 2 2 2h14c1.1 0 2-.9 2-2V5c0-1.1-.9-2-2-2z"
                    />
                  </svg>
                </span>
              </span>
            </td>
            <th
              aria-sort={null}
              className="MuiTableCell-root MuiTableCell-body MuiTableCell-paddingNone"
              id="enhanced-table-checkbox-7"
              role="cell"
              scope="row"
            >
              <p
                className="MuiTypography-root MuiTypography-body1"
              >
                sample@gmail.com
              </p>
            </th>
            <td
              aria-sort={null}
              className="MuiTableCell-root MuiTableCell-body"
            >
              <p
                className="MuiTypography-root MuiTypography-body1"
              >
                #8
              </p>
            </td>
            <td
              aria-sort={null}
              className="MuiTableCell-root MuiTableCell-body"
            >
              <p
                className="MuiTypography-root MuiTypography-body1"
              >
                Zemosolabs
              </p>
            </td>
            <td
              aria-sort={null}
              className="MuiTableCell-root MuiTableCell-body"
            >
              <p
                className="MuiTypography-root MuiTypography-body1"
              >
                sample user
              </p>
            </td>
            <td
              aria-sort={null}
              className="MuiTableCell-root MuiTableCell-body makeStyles-TrustCell-6"
            >
              <span
                className="MuiTypography-root MuiTypography-caption"
              >
                52
              </span>
            </td>
            <td
              aria-sort={null}
              className="MuiTableCell-root MuiTableCell-body makeStyles-TrustCell-6"
            >
              <div
                className="makeStyles-divBox-8"
                style={
                  Object {
                    "backgroundColor": "rgba(109, 210, 48, 0.1)",
                  }
                }
              >
                <p
                  className="MuiTypography-root MuiTypography-body2"
                >
                  Trusted
                </p>
              </div>
            </td>
            <td
              aria-sort={null}
              className="MuiTableCell-root MuiTableCell-body makeStyles-TrustCell-6"
            >
              <span
                className="MuiTypography-root MuiTypography-caption"
              >
                Inbox
              </span>
            </td>
            <td
              aria-sort={null}
              className="MuiTableCell-root MuiTableCell-body"
            >
              <p
                className="MuiTypography-root makeStyles-detailsText-9 MuiTypography-body2"
                onClick={[Function]}
              >
                View Details
              </p>
            </td>
          </tr>
          <tr
            aria-checked={false}
            className="MuiTableRow-root MuiTableRow-hover"
            role="checkbox"
            tabIndex={-1}
          >
            <td
              aria-sort={null}
              className="MuiTableCell-root MuiTableCell-body MuiTableCell-paddingCheckbox"
            >
              <span
                aria-disabled={false}
                className="MuiButtonBase-root MuiIconButton-root PrivateSwitchBase-root-12 MuiCheckbox-root WithStyles(ForwardRef(Checkbox))-root-10 MuiCheckbox-colorSecondary MuiIconButton-colorSecondary"
                onBlur={[Function]}
                onClick={[Function]}
                onDragLeave={[Function]}
                onFocus={[Function]}
                onKeyDown={[Function]}
                onKeyUp={[Function]}
                onMouseDown={[Function]}
                onMouseLeave={[Function]}
                onMouseUp={[Function]}
                onTouchEnd={[Function]}
                onTouchMove={[Function]}
                onTouchStart={[Function]}
                tabIndex={null}
              >
                <span
                  className="MuiIconButton-label"
                >
                  <input
                    aria-labelledby="enhanced-table-checkbox-8"
                    checked={false}
                    className="PrivateSwitchBase-input-15"
                    data-indeterminate={false}
                    onChange={[Function]}
                    type="checkbox"
                  />
                  <svg
                    aria-hidden={true}
                    className="MuiSvgIcon-root"
                    focusable="false"
                    viewBox="0 0 24 24"
                  >
                    <path
                      d="M19 5v14H5V5h14m0-2H5c-1.1 0-2 .9-2 2v14c0 1.1.9 2 2 2h14c1.1 0 2-.9 2-2V5c0-1.1-.9-2-2-2z"
                    />
                  </svg>
                </span>
              </span>
            </td>
            <th
              aria-sort={null}
              className="MuiTableCell-root MuiTableCell-body MuiTableCell-paddingNone"
              id="enhanced-table-checkbox-8"
              role="cell"
              scope="row"
            >
              <p
                className="MuiTypography-root MuiTypography-body1"
              >
                sample@gmail.com
              </p>
            </th>
            <td
              aria-sort={null}
              className="MuiTableCell-root MuiTableCell-body"
            >
              <p
                className="MuiTypography-root MuiTypography-body1"
              >
                #9
              </p>
            </td>
            <td
              aria-sort={null}
              className="MuiTableCell-root MuiTableCell-body"
            >
              <p
                className="MuiTypography-root MuiTypography-body1"
              >
                Zemosolabs
              </p>
            </td>
            <td
              aria-sort={null}
              className="MuiTableCell-root MuiTableCell-body"
            >
              <p
                className="MuiTypography-root MuiTypography-body1"
              >
                sample user
              </p>
            </td>
            <td
              aria-sort={null}
              className="MuiTableCell-root MuiTableCell-body makeStyles-doNotTrustCell-7"
            >
              <span
                className="MuiTypography-root MuiTypography-caption"
              >
                22
              </span>
            </td>
            <td
              aria-sort={null}
              className="MuiTableCell-root MuiTableCell-body makeStyles-doNotTrustCell-7"
            >
              <div
                className="makeStyles-divBox-8"
                style={
                  Object {
                    "backgroundColor": "rgba(255, 49, 98, 0.1)",
                  }
                }
              >
                <p
                  className="MuiTypography-root MuiTypography-body2"
                >
                  Do not trust
                </p>
              </div>
            </td>
            <td
              aria-sort={null}
              className="MuiTableCell-root MuiTableCell-body makeStyles-doNotTrustCell-7"
            >
              <span
                className="MuiTypography-root MuiTypography-caption"
              >
                Spam
              </span>
            </td>
            <td
              aria-sort={null}
              className="MuiTableCell-root MuiTableCell-body"
            >
              <p
                className="MuiTypography-root makeStyles-detailsText-9 MuiTypography-body2"
                onClick={[Function]}
              >
                View Details
              </p>
            </td>
          </tr>
          <tr
            aria-checked={false}
            className="MuiTableRow-root MuiTableRow-hover"
            role="checkbox"
            tabIndex={-1}
          >
            <td
              aria-sort={null}
              className="MuiTableCell-root MuiTableCell-body MuiTableCell-paddingCheckbox"
            >
              <span
                aria-disabled={false}
                className="MuiButtonBase-root MuiIconButton-root PrivateSwitchBase-root-12 MuiCheckbox-root WithStyles(ForwardRef(Checkbox))-root-10 MuiCheckbox-colorSecondary MuiIconButton-colorSecondary"
                onBlur={[Function]}
                onClick={[Function]}
                onDragLeave={[Function]}
                onFocus={[Function]}
                onKeyDown={[Function]}
                onKeyUp={[Function]}
                onMouseDown={[Function]}
                onMouseLeave={[Function]}
                onMouseUp={[Function]}
                onTouchEnd={[Function]}
                onTouchMove={[Function]}
                onTouchStart={[Function]}
                tabIndex={null}
              >
                <span
                  className="MuiIconButton-label"
                >
                  <input
                    aria-labelledby="enhanced-table-checkbox-9"
                    checked={false}
                    className="PrivateSwitchBase-input-15"
                    data-indeterminate={false}
                    onChange={[Function]}
                    type="checkbox"
                  />
                  <svg
                    aria-hidden={true}
                    className="MuiSvgIcon-root"
                    focusable="false"
                    viewBox="0 0 24 24"
                  >
                    <path
                      d="M19 5v14H5V5h14m0-2H5c-1.1 0-2 .9-2 2v14c0 1.1.9 2 2 2h14c1.1 0 2-.9 2-2V5c0-1.1-.9-2-2-2z"
                    />
                  </svg>
                </span>
              </span>
            </td>
            <th
              aria-sort={null}
              className="MuiTableCell-root MuiTableCell-body MuiTableCell-paddingNone"
              id="enhanced-table-checkbox-9"
              role="cell"
              scope="row"
            >
              <p
                className="MuiTypography-root MuiTypography-body1"
              >
                sample@gmail.com
              </p>
            </th>
            <td
              aria-sort={null}
              className="MuiTableCell-root MuiTableCell-body"
            >
              <p
                className="MuiTypography-root MuiTypography-body1"
              >
                #10
              </p>
            </td>
            <td
              aria-sort={null}
              className="MuiTableCell-root MuiTableCell-body"
            >
              <p
                className="MuiTypography-root MuiTypography-body1"
              >
                Zemosolabs
              </p>
            </td>
            <td
              aria-sort={null}
              className="MuiTableCell-root MuiTableCell-body"
            >
              <p
                className="MuiTypography-root MuiTypography-body1"
              >
                sample user
              </p>
            </td>
            <td
              aria-sort={null}
              className="MuiTableCell-root MuiTableCell-body makeStyles-TrustCell-6"
            >
              <span
                className="MuiTypography-root MuiTypography-caption"
              >
                52
              </span>
            </td>
            <td
              aria-sort={null}
              className="MuiTableCell-root MuiTableCell-body makeStyles-TrustCell-6"
            >
              <div
                className="makeStyles-divBox-8"
                style={
                  Object {
                    "backgroundColor": "rgba(109, 210, 48, 0.1)",
                  }
                }
              >
                <p
                  className="MuiTypography-root MuiTypography-body2"
                >
                  Trusted
                </p>
              </div>
            </td>
            <td
              aria-sort={null}
              className="MuiTableCell-root MuiTableCell-body makeStyles-TrustCell-6"
            >
              <span
                className="MuiTypography-root MuiTypography-caption"
              >
                Inbox
              </span>
            </td>
            <td
              aria-sort={null}
              className="MuiTableCell-root MuiTableCell-body"
            >
              <p
                className="MuiTypography-root makeStyles-detailsText-9 MuiTypography-body2"
                onClick={[Function]}
              >
                View Details
              </p>
            </td>
          </tr>
        </tbody>
      </table>
    </div>
    <div
      className="MuiTablePagination-root"
    >
      <div
        className="MuiToolbar-root MuiToolbar-regular MuiTablePagination-toolbar MuiToolbar-gutters"
      >
        <div
          className="MuiTablePagination-spacer"
        />
        <p
          className="MuiTypography-root MuiTablePagination-caption MuiTypography-body2 MuiTypography-colorInherit"
        >
          Rows per page:
        </p>
        <div
          className="MuiInputBase-root MuiTablePagination-input MuiTablePagination-selectRoot"
          onClick={[Function]}
        >
          <div
            aria-haspopup="listbox"
            className="MuiSelect-root MuiSelect-select MuiTablePagination-select MuiSelect-selectMenu MuiInputBase-input"
            onBlur={[Function]}
            onFocus={[Function]}
            onKeyDown={[Function]}
            onMouseDown={[Function]}
            role="button"
            tabIndex={0}
          >
            10
          </div>
          <input
            aria-hidden={true}
            className="MuiSelect-nativeInput"
            onAnimationStart={[Function]}
            onChange={[Function]}
            tabIndex={-1}
            value={10}
          />
          <svg
            aria-hidden={true}
            className="MuiSvgIcon-root MuiSelect-icon MuiTablePagination-selectIcon"
            focusable="false"
            viewBox="0 0 24 24"
          >
            <path
              d="M7 10l5 5 5-5z"
            />
          </svg>
        </div>
        <p
          className="MuiTypography-root MuiTablePagination-caption MuiTypography-body2 MuiTypography-colorInherit"
        >
          1-10 of 11
        </p>
        <div
          className="MuiTablePagination-actions"
        >
          <button
            aria-label="Previous page"
            className="MuiButtonBase-root MuiIconButton-root MuiIconButton-colorInherit Mui-disabled Mui-disabled"
            disabled={true}
            onBlur={[Function]}
            onClick={[Function]}
            onDragLeave={[Function]}
            onFocus={[Function]}
            onKeyDown={[Function]}
            onKeyUp={[Function]}
            onMouseDown={[Function]}
            onMouseLeave={[Function]}
            onMouseUp={[Function]}
            onTouchEnd={[Function]}
            onTouchMove={[Function]}
            onTouchStart={[Function]}
            tabIndex={-1}
            title="Previous page"
            type="button"
          >
            <span
              className="MuiIconButton-label"
            >
              <svg
                aria-hidden={true}
                className="MuiSvgIcon-root"
                focusable="false"
                viewBox="0 0 24 24"
              >
                <path
                  d="M15.41 16.09l-4.58-4.59 4.58-4.59L14 5.5l-6 6 6 6z"
                />
              </svg>
            </span>
          </button>
          <button
            aria-label="Next page"
            className="MuiButtonBase-root MuiIconButton-root MuiIconButton-colorInherit"
            disabled={false}
            onBlur={[Function]}
            onClick={[Function]}
            onDragLeave={[Function]}
            onFocus={[Function]}
            onKeyDown={[Function]}
            onKeyUp={[Function]}
            onMouseDown={[Function]}
            onMouseLeave={[Function]}
            onMouseUp={[Function]}
            onTouchEnd={[Function]}
            onTouchMove={[Function]}
            onTouchStart={[Function]}
            tabIndex={0}
            title="Next page"
            type="button"
          >
            <span
              className="MuiIconButton-label"
            >
              <svg
                aria-hidden={true}
                className="MuiSvgIcon-root"
                focusable="false"
                viewBox="0 0 24 24"
              >
                <path
                  d="M8.59 16.34l4.58-4.59-4.58-4.59L10 5.75l6 6-6 6z"
                />
              </svg>
            </span>
          </button>
        </div>
      </div>
    </div>
  </div>
</div>
`;
