// Jest Snapshot v1, https://goo.gl/fbAQLP

exports[`<SideNavigationBar/> Renders correctly 1`] = `
<div
  className="MuiGrid-root AreaGraph-container-1 MuiGrid-container"
>
  <div
    className="MuiGrid-root AreaGraph-headerContainer-4 MuiGrid-container MuiGrid-item"
  >
    <div
      className="MuiGrid-root AreaGraph-header-2 MuiGrid-container MuiGrid-item MuiGrid-align-items-xs-flex-end MuiGrid-grid-xs-6"
    >
      <p
        className="MuiTypography-root AreaGraph-textColor-3 MuiTypography-body1"
      >
        Trustscore Trend wrt Relationship Type
      </p>
    </div>
    <div
      className="MuiGrid-root MuiGrid-container MuiGrid-item MuiGrid-justify-xs-flex-end MuiGrid-grid-xs-6"
    >
      <div
        className={null}
      >
        <div
          className="MuiFormControl-root Dropdown-formControl-7"
        >
          <div
            className="MuiInputBase-root MuiOutlinedInput-root Dropdown-dropdown-9 MuiInputBase-formControl"
            onClick={[Function]}
          >
            <div
              aria-haspopup="listbox"
              aria-labelledby="simple-select-label simple-select"
              className="MuiSelect-root MuiSelect-select MuiSelect-selectMenu MuiSelect-outlined MuiInputBase-input MuiOutlinedInput-input"
              id="simple-select"
              onBlur={[Function]}
              onFocus={[Function]}
              onKeyDown={[Function]}
              onMouseDown={[Function]}
              role="button"
              tabIndex={0}
            >
              stanford
            </div>
            <input
              aria-hidden={true}
              className="MuiSelect-nativeInput"
              onAnimationStart={[Function]}
              onChange={[Function]}
              required={false}
              tabIndex={-1}
              value="stanford"
            />
            <svg
              aria-hidden={true}
              className="MuiSvgIcon-root MuiSelect-icon MuiSelect-iconOutlined"
              focusable="false"
              viewBox="0 0 24 24"
            >
              <path
                d="M7 10l5 5 5-5z"
              />
            </svg>
            <fieldset
              aria-hidden={true}
              className="PrivateNotchedOutline-root-10 MuiOutlinedInput-notchedOutline"
              style={
                Object {
                  "paddingLeft": 8,
                }
              }
            >
              <legend
                className="PrivateNotchedOutline-legend-11"
                style={
                  Object {
                    "width": 0.01,
                  }
                }
              >
                <span
                  dangerouslySetInnerHTML={
                    Object {
                      "__html": "&#8203;",
                    }
                  }
                />
              </legend>
            </fieldset>
          </div>
        </div>
      </div>
    </div>
  </div>
  <div
    className="MuiGrid-root MuiGrid-item MuiGrid-grid-xs-12"
  >
    <div
      className="recharts-responsive-container"
      style={
        Object {
          "height": 250,
          "maxHeight": undefined,
          "minHeight": undefined,
          "minWidth": undefined,
          "width": "100%",
        }
      }
    >
      <div
        style={
          Object {
            "display": "none",
            "height": 0,
            "position": "absolute",
            "visibility": "hidden",
            "width": 0,
          }
        }
      />
    </div>
  </div>
</div>
`;
